#
# There is insufficient memory for the Java Runtime Environment to continue.
# Native memory allocation (malloc) failed to allocate 1048576 bytes. Error detail: AllocateHeap
# Possible reasons:
#   The system is out of physical RAM or swap space
#   This process is running with CompressedOops enabled, and the Java Heap may be blocking the growth of the native heap
# Possible solutions:
#   Reduce memory load on the system
#   Increase physical memory or swap space
#   Check if swap backing store is full
#   Decrease Java heap size (-Xmx/-Xms)
#   Decrease number of Java threads
#   Decrease Java thread stack sizes (-Xss)
#   Set larger code cache with -XX:ReservedCodeCacheSize=
#   JVM is running with Unscaled Compressed Oops mode in which the Java heap is
#     placed in the first 4GB address space. The Java Heap base address is the
#     maximum limit for the native heap growth. Please use -XX:HeapBaseMinAddress
#     to set the Java Heap base and to place the Java Heap above 4GB virtual address.
# This output file may be truncated or incomplete.
#
#  Out of Memory Error (allocation.cpp:44), pid=13744, tid=14496
#
# JRE version: OpenJDK Runtime Environment Temurin-21.0.11+10 (21.0.11+10) (build 21.0.11+10-LTS)
# Java VM: OpenJDK 64-Bit Server VM Temurin-21.0.11+10 (21.0.11+10-LTS, mixed mode, sharing, tiered, compressed oops, compressed class ptrs, parallel gc, windows-amd64)
# No core dump will be written. Minidumps are not enabled by default on client versions of Windows
#

---------------  S U M M A R Y ------------

Command Line: --add-modules=ALL-SYSTEM --add-opens=java.base/java.util=ALL-UNNAMED --add-opens=java.base/java.lang=ALL-UNNAMED --add-opens=java.base/sun.nio.fs=ALL-UNNAMED -Declipse.application=org.eclipse.jdt.ls.core.id1 -Dosgi.bundles.defaultStartLevel=4 -Declipse.product=org.eclipse.jdt.ls.core.product -Djava.import.generatesMetadataFilesAtProjectRoot=false -DDetectVMInstallationsJob.disabled=true -Dfile.encoding=utf8 -XX:+UseParallelGC -XX:GCTimeRatio=4 -XX:AdaptiveSizePolicyWeight=90 -Dsun.zip.disableMemoryMapping=true -Xmx2G -Xms100m -Xlog:disable -javaagent:c:\Users\lt607\.vscode\extensions\redhat.java-1.55.0-win32-x64\lombok\lombok-1.18.39-4050.jar -XX:+HeapDumpOnOutOfMemoryError -XX:HeapDumpPath=c:\Users\lt607\AppData\Roaming\Code\User\workspaceStorage\b95a123d851ee4fbc339367db060e1b0\redhat.java -Daether.dependencyCollector.impl=bf c:\Users\lt607\.vscode\extensions\redhat.java-1.55.0-win32-x64\server\plugins\org.eclipse.equinox.launcher_1.7.200.v20260619-2039.jar -configuration c:\Users\lt607\AppData\Roaming\Code\User\globalStorage\redhat.java\1.55.0\config_win -data c:\Users\lt607\AppData\Roaming\Code\User\workspaceStorage\b95a123d851ee4fbc339367db060e1b0\redhat.java\jdt_ws --pipe=\\.\pipe\lsp-f40a3c5abbc8dadce60a3e867691b3ec-sock

Host: Intel(R) Core(TM) i3-1005G1 CPU @ 1.20GHz, 4 cores, 3G,  Windows 11 , 64 bit Build 22621 (10.0.22621.5415)
Time: Thu Aug  6 20:43:50 2026 SE Asia Standard Time elapsed time: 6614.017021 seconds (0d 1h 50m 14s)

---------------  T H R E A D  ---------------

Current thread (0x000001d1d69ba370):  JavaThread "Attach Listener" daemon [_thread_in_vm, id=14496, stack(0x00000050bd000000,0x00000050bd100000) (1024K)]

Stack: [0x00000050bd000000,0x00000050bd100000]
Native frames: (J=compiled Java code, j=interpreted, Vv=VM code, C=native code)
V  [jvm.dll+0x6d7e19]
V  [jvm.dll+0x8b5096]
V  [jvm.dll+0x8b764e]
V  [jvm.dll+0x8b7d33]
V  [jvm.dll+0x284596]
V  [jvm.dll+0xc13c7]
V  [jvm.dll+0x6d86c9]
V  [jvm.dll+0x133616]
V  [jvm.dll+0x3f868e]
V  [jvm.dll+0x85fb0d]
V  [jvm.dll+0x6d664d]
C  [ucrtbase.dll+0x29333]
C  [KERNEL32.DLL+0x1259d]
C  [ntdll.dll+0x5af78]


---------------  P R O C E S S  ---------------

Threads class SMR info:
_java_thread_list=0x000001d218a399c0, length=34, elements={
0x000001d1bffcf190, 0x000001d1d69b4900, 0x000001d1d69b79e0, 0x000001d1d69b9450,
0x000001d1d69ba370, 0x000001d1d69be050, 0x000001d1d69beab0, 0x000001d1d69c1900,
0x000001d1d69f0740, 0x000001d218758f10, 0x000001d218992710, 0x000001d21d20e9c0,
0x000001d21d159020, 0x000001d2187dd9d0, 0x000001d218791ec0, 0x000001d21d5a32b0,
0x000001d21d90b000, 0x000001d21d3e1490, 0x000001d218973d30, 0x000001d218974a50,
0x000001d2189736a0, 0x000001d21e5f79a0, 0x000001d21e5f5f60, 0x000001d21e5fd580,
0x000001d21e5fae20, 0x000001d21e5fc1d0, 0x000001d21e5f9a70, 0x000001d21e5fa100,
0x000001d21ff9d980, 0x000001d21ff99150, 0x000001d21ff9a500, 0x000001d21ff9fa50,
0x000001d21ff9e6a0, 0x000001d21ff9ed30
}

Java Threads: ( => current thread )
  0x000001d1bffcf190 JavaThread "main"                              [_thread_blocked, id=18288, stack(0x00000050bc900000,0x00000050bca00000) (1024K)]
  0x000001d1d69b4900 JavaThread "Reference Handler"          daemon [_thread_blocked, id=3092, stack(0x00000050bcd00000,0x00000050bce00000) (1024K)]
  0x000001d1d69b79e0 JavaThread "Finalizer"                  daemon [_thread_blocked, id=3268, stack(0x00000050bce00000,0x00000050bcf00000) (1024K)]
  0x000001d1d69b9450 JavaThread "Signal Dispatcher"          daemon [_thread_blocked, id=15864, stack(0x00000050bcf00000,0x00000050bd000000) (1024K)]
=>0x000001d1d69ba370 JavaThread "Attach Listener"            daemon [_thread_in_vm, id=14496, stack(0x00000050bd000000,0x00000050bd100000) (1024K)]
  0x000001d1d69be050 JavaThread "Service Thread"             daemon [_thread_blocked, id=4660, stack(0x00000050bd100000,0x00000050bd200000) (1024K)]
  0x000001d1d69beab0 JavaThread "Monitor Deflation Thread"   daemon [_thread_blocked, id=17472, stack(0x00000050bd200000,0x00000050bd300000) (1024K)]
  0x000001d1d69c1900 JavaThread "C2 CompilerThread0"         daemon [_thread_blocked, id=14600, stack(0x00000050bd300000,0x00000050bd400000) (1024K)]
  0x000001d1d69f0740 JavaThread "C1 CompilerThread0"         daemon [_thread_blocked, id=2536, stack(0x00000050bd400000,0x00000050bd500000) (1024K)]
  0x000001d218758f10 JavaThread "Common-Cleaner"             daemon [_thread_blocked, id=644, stack(0x00000050bd500000,0x00000050bd600000) (1024K)]
  0x000001d218992710 JavaThread "Notification Thread"        daemon [_thread_blocked, id=4628, stack(0x00000050bd600000,0x00000050bd700000) (1024K)]
  0x000001d21d20e9c0 JavaThread "Active Thread: Equinox Container: d425caca-9a6a-4021-8728-74441d0a5678"        [_thread_blocked, id=14820, stack(0x00000050bda00000,0x00000050bdb00000) (1024K)]
  0x000001d21d159020 JavaThread "Refresh Thread: Equinox Container: d425caca-9a6a-4021-8728-74441d0a5678" daemon [_thread_blocked, id=10968, stack(0x00000050bdb00000,0x00000050bdc00000) (1024K)]
  0x000001d2187dd9d0 JavaThread "Framework Event Dispatcher: Equinox Container: d425caca-9a6a-4021-8728-74441d0a5678" daemon [_thread_blocked, id=6700, stack(0x00000050bdc00000,0x00000050bdd00000) (1024K)]
  0x000001d218791ec0 JavaThread "Start Level: Equinox Container: d425caca-9a6a-4021-8728-74441d0a5678" daemon [_thread_blocked, id=20104, stack(0x00000050bdd00000,0x00000050bde00000) (1024K)]
  0x000001d21d5a32b0 JavaThread "Bundle File Closer"         daemon [_thread_blocked, id=16884, stack(0x00000050bde00000,0x00000050bdf00000) (1024K)]
  0x000001d21d90b000 JavaThread "SCR Component Actor"        daemon [_thread_blocked, id=18564, stack(0x00000050bc600000,0x00000050bc700000) (1024K)]
  0x000001d21d3e1490 JavaThread "Worker-JM"                         [_thread_blocked, id=17304, stack(0x00000050bdf00000,0x00000050be000000) (1024K)]
  0x000001d218973d30 JavaThread "JNA Cleaner"                daemon [_thread_blocked, id=11012, stack(0x00000050be000000,0x00000050be100000) (1024K)]
  0x000001d218974a50 JavaThread "Java indexing"              daemon [_thread_blocked, id=16208, stack(0x00000050be300000,0x00000050be400000) (1024K)]
  0x000001d2189736a0 JavaThread "Thread-1"                   daemon [_thread_in_native, id=16144, stack(0x00000050be700000,0x00000050be800000) (1024K)]
  0x000001d21e5f79a0 JavaThread "Thread-2"                   daemon [_thread_in_native, id=3756, stack(0x00000050be800000,0x00000050be900000) (1024K)]
  0x000001d21e5f5f60 JavaThread "Thread-3"                   daemon [_thread_in_native, id=10268, stack(0x00000050be900000,0x00000050bea00000) (1024K)]
  0x000001d21e5fd580 JavaThread "Thread-4"                   daemon [_thread_in_native, id=12736, stack(0x00000050bea00000,0x00000050beb00000) (1024K)]
  0x000001d21e5fae20 JavaThread "Thread-5"                   daemon [_thread_in_native, id=10400, stack(0x00000050beb00000,0x00000050bec00000) (1024K)]
  0x000001d21e5fc1d0 JavaThread "pool-2-thread-1"                   [_thread_blocked, id=8324, stack(0x00000050bec00000,0x00000050bed00000) (1024K)]
  0x000001d21e5f9a70 JavaThread "WorkspaceEventsHandler"            [_thread_blocked, id=13000, stack(0x00000050bed00000,0x00000050bee00000) (1024K)]
  0x000001d21e5fa100 JavaThread "pool-1-thread-1"                   [_thread_blocked, id=12860, stack(0x00000050bee00000,0x00000050bef00000) (1024K)]
  0x000001d21ff9d980 JavaThread "Cleaner-0"                  daemon [_thread_blocked, id=8572, stack(0x00000050bef00000,0x00000050bf000000) (1024K)]
  0x000001d21ff99150 JavaThread "Java Debug Server"          daemon [_thread_in_native, id=10804, stack(0x00000050bf000000,0x00000050bf100000) (1024K)]
  0x000001d21ff9a500 JavaThread "RxSchedulerPurge-1"         daemon [_thread_blocked, id=6236, stack(0x00000050bf200000,0x00000050bf300000) (1024K)]
  0x000001d21ff9fa50 JavaThread "RxCachedWorkerPoolEvictor-1" daemon [_thread_blocked, id=3116, stack(0x00000050bf300000,0x00000050bf400000) (1024K)]
  0x000001d21ff9e6a0 JavaThread "Worker-7"                          [_thread_blocked, id=21472, stack(0x00000050bc700000,0x00000050bc800000) (1024K)]
  0x000001d21ff9ed30 JavaThread "Worker-8"                          [_thread_blocked, id=19524, stack(0x00000050bc800000,0x00000050bc900000) (1024K)]
Total: 34

Other Threads:
  0x000001d1d69af4c0 VMThread "VM Thread"                           [id=4488, stack(0x00000050bcc00000,0x00000050bcd00000) (1024K)]
  0x000001d1c0034b10 WatcherThread "VM Periodic Task Thread"        [id=3532, stack(0x00000050bcb00000,0x00000050bcc00000) (1024K)]
  0x000001d1bffe6990 WorkerThread "GC Thread#0"                     [id=3560, stack(0x00000050bca00000,0x00000050bcb00000) (1024K)]
  0x000001d21d2d23d0 WorkerThread "GC Thread#1"                     [id=6900, stack(0x00000050bd700000,0x00000050bd800000) (1024K)]
  0x000001d21d2d47f0 WorkerThread "GC Thread#2"                     [id=5164, stack(0x00000050bd800000,0x00000050bd900000) (1024K)]
  0x000001d21d2d4ba0 WorkerThread "GC Thread#3"                     [id=19484, stack(0x00000050bd900000,0x00000050bda00000) (1024K)]
Total: 6

Threads with active compile tasks:
Total: 0

VM state: not at safepoint (normal execution)

VM Mutex/Monitor currently owned by a thread: None

Heap address: 0x0000000080000000, size: 2048 MB, Compressed Oops mode: 32-bit

CDS archive(s) mapped at: [0x000001d1d7000000-0x000001d1d7ba0000-0x000001d1d7ba0000), size 12189696, SharedBaseAddress: 0x000001d1d7000000, ArchiveRelocationMode: 1.
Compressed class space mapped at: 0x000001d1d8000000-0x000001d218000000, reserved size: 1073741824
Narrow klass base: 0x000001d1d7000000, Narrow klass shift: 0, Narrow klass range: 0x100000000

GC Precious Log:
 CardTable entry size: 512
 CPUs: 4 total, 4 available
 Memory: 3783M
 Large Page Support: Disabled
 NUMA Support: Disabled
 Compressed Oops: Enabled (32-bit)
 Alignments: Space 512K, Generation 512K, Heap 2M
 Heap Min Capacity: 100M
 Heap Initial Capacity: 100M
 Heap Max Capacity: 2G
 Pre-touch: Disabled
 Parallel Workers: 4

Heap:
 PSYoungGen      total 12288K, used 5600K [0x00000000d5580000, 0x00000000d6480000, 0x0000000100000000)
  eden space 11264K, 40% used [0x00000000d5580000,0x00000000d5a00db8,0x00000000d6080000)
  from space 1024K, 96% used [0x00000000d6100000,0x00000000d61f7260,0x00000000d6200000)
  to   space 2048K, 0% used [0x00000000d6280000,0x00000000d6280000,0x00000000d6480000)
 ParOldGen       total 90112K, used 90040K [0x0000000080000000, 0x0000000085800000, 0x00000000d5580000)
  object space 90112K, 99% used [0x0000000080000000,0x00000000857ee140,0x0000000085800000)
 Metaspace       used 74017K, committed 75648K, reserved 1179648K
  class space    used 7810K, committed 8576K, reserved 1048576K

Card table byte_map: [0x000001d1bf960000,0x000001d1bfd70000] _byte_map_base: 0x000001d1bf560000

Marking Bits: (ParMarkBitMap*) 0x00007ff83ab14460
 Begin Bits: [0x000001d1d2470000, 0x000001d1d4470000)
 End Bits:   [0x000001d1d4470000, 0x000001d1d6470000)

Polling page: 0x000001d1bde80000

Metaspace:

Usage:
  Non-class:     64.66 MB used.
      Class:      7.63 MB used.
       Both:     72.28 MB used.

Virtual space:
  Non-class space:      128.00 MB reserved,      65.50 MB ( 51%) committed,  2 nodes.
      Class space:        1.00 GB reserved,       8.38 MB ( <1%) committed,  1 nodes.
             Both:        1.12 GB reserved,      73.88 MB (  6%) committed. 

Chunk freelists:
   Non-Class:  14.20 MB
       Class:  7.65 MB
        Both:  21.85 MB

MaxMetaspaceSize: unlimited
CompressedClassSpaceSize: 1.00 GB
Initial GC threshold: 21.00 MB
Current GC threshold: 97.31 MB
CDS: on
 - commit_granule_bytes: 65536.
 - commit_granule_words: 8192.
 - virtual_space_node_default_size: 8388608.
 - enlarge_chunks_in_place: 1.
 - use_allocation_guard: 0.


Internal statistics:

num_allocs_failed_limit: 9.
num_arena_births: 1430.
num_arena_deaths: 14.
num_vsnodes_births: 3.
num_vsnodes_deaths: 0.
num_space_committed: 1182.
num_space_uncommitted: 0.
num_chunks_returned_to_freelist: 23.
num_chunks_taken_from_freelist: 4989.
num_chunk_merges: 8.
num_chunk_splits: 3061.
num_chunks_enlarged: 1678.
num_inconsistent_stats: 0.

CodeHeap 'non-profiled nmethods': size=120000Kb used=9048Kb max_used=9048Kb free=110951Kb
 bounds [0x000001d1cac90000, 0x000001d1cb570000, 0x000001d1d21c0000]
CodeHeap 'profiled nmethods': size=120000Kb used=31122Kb max_used=31122Kb free=88877Kb
 bounds [0x000001d1c31c0000, 0x000001d1c5030000, 0x000001d1ca6f0000]
CodeHeap 'non-nmethods': size=5760Kb used=1482Kb max_used=1562Kb free=4277Kb
 bounds [0x000001d1ca6f0000, 0x000001d1ca960000, 0x000001d1cac90000]
CodeCache: size=245760Kb, used=41652Kb, max_used=41732Kb, free=204105Kb
 total_blobs=13992, nmethods=13193, adapters=703, full_count=0
Compilation: enabled, stopped_count=0, restarted_count=0

Compilation events (20 events):
Event: 6364.570 Thread 0x000001d1d69f0740 13979       3       org.eclipse.jdt.internal.core.SourceMapper$LocalVariableElementKey::toString (116 bytes)
Event: 6364.572 Thread 0x000001d1d69f0740 nmethod 13979 0x000001d1c501e210 code [0x000001d1c501e5c0, 0x000001d1c501fcc0]
Event: 6364.572 Thread 0x000001d1d69f0740 13981       3       org.eclipse.jdt.internal.compiler.SourceElementNotifier::extractTypeReferences (47 bytes)
Event: 6364.572 Thread 0x000001d1d69f0740 nmethod 13981 0x000001d1c5020490 code [0x000001d1c5020680, 0x000001d1c5020bb8]
Event: 6364.572 Thread 0x000001d1d69f0740 13980       3       org.eclipse.jdt.internal.core.SourceRefElement::getHandleMemento (30 bytes)
Event: 6364.573 Thread 0x000001d1d69f0740 nmethod 13980 0x000001d1c5020d90 code [0x000001d1c5020fe0, 0x000001d1c5021780]
Event: 6364.579 Thread 0x000001d1d69c1900 13982   !   4       org.eclipse.jdt.internal.core.util.DeduplicationUtil::toString (29 bytes)
Event: 6364.580 Thread 0x000001d1d69f0740 13983       3       org.eclipse.jdt.internal.compiler.SourceElementNotifier::getArgumentInfos (171 bytes)
Event: 6364.580 Thread 0x000001d1d69f0740 nmethod 13983 0x000001d1c5021a10 code [0x000001d1c5021c60, 0x000001d1c5022cf8]
Event: 6364.585 Thread 0x000001d1d69c1900 nmethod 13982 0x000001d1cb561110 code [0x000001d1cb561300, 0x000001d1cb561b48]
Event: 6364.637 Thread 0x000001d1d69f0740 13984       3       org.eclipse.jdt.internal.core.JavaProject::getClasspathEntryFor (79 bytes)
Event: 6364.642 Thread 0x000001d1d69f0740 nmethod 13984 0x000001d1c5023190 code [0x000001d1c5023400, 0x000001d1c50240f8]
Event: 6364.660 Thread 0x000001d1d69f0740 13985       3       org.eclipse.lsp4j.jsonrpc.json.adapters.ThrowableTypeAdapter$Factory::create (23 bytes)
Event: 6364.662 Thread 0x000001d1d69f0740 nmethod 13985 0x000001d1c5024510 code [0x000001d1c50246e0, 0x000001d1c5024988]
Event: 6364.761 Thread 0x000001d1d69c1900 13986       4       java.lang.Class::getInterfaces (49 bytes)
Event: 6364.768 Thread 0x000001d1d69c1900 nmethod 13986 0x000001d1cb561e90 code [0x000001d1cb562060, 0x000001d1cb562380]
Event: 6364.806 Thread 0x000001d1d69c1900 13987       4       java.lang.invoke.LambdaFormEditor::bindArgumentL (59 bytes)
Event: 6364.869 Thread 0x000001d1d69c1900 nmethod 13987 0x000001d1cb562610 code [0x000001d1cb562a60, 0x000001d1cb5646e8]
Event: 6364.870 Thread 0x000001d1d69c1900 13988       4       java.util.concurrent.atomic.AtomicLong::decrementAndGet (16 bytes)
Event: 6364.870 Thread 0x000001d1d69c1900 nmethod 13988 0x000001d1cb565e10 code [0x000001d1cb565fa0, 0x000001d1cb566038]

GC Heap History (20 events):
Event: 1657.498 GC heap before
{Heap before GC invocations=89 (full 3):
 PSYoungGen      total 12800K, used 11601K [0x00000000d5580000, 0x00000000d6400000, 0x0000000100000000)
  eden space 11264K, 100% used [0x00000000d5580000,0x00000000d6080000,0x00000000d6080000)
  from space 1536K, 21% used [0x00000000d6100000,0x00000000d61545c8,0x00000000d6280000)
  to   space 512K, 0% used [0x00000000d6380000,0x00000000d6380000,0x00000000d6400000)
 ParOldGen       total 82944K, used 82761K [0x0000000080000000, 0x0000000085100000, 0x00000000d5580000)
  object space 82944K, 99% used [0x0000000080000000,0x00000000850d2508,0x0000000085100000)
 Metaspace       used 70472K, committed 72064K, reserved 1114112K
  class space    used 7464K, committed 8192K, reserved 1048576K
}
Event: 1657.502 GC heap after
{Heap after GC invocations=89 (full 3):
 PSYoungGen      total 11776K, used 288K [0x00000000d5580000, 0x00000000d6400000, 0x0000000100000000)
  eden space 11264K, 0% used [0x00000000d5580000,0x00000000d5580000,0x00000000d6080000)
  from space 512K, 56% used [0x00000000d6380000,0x00000000d63c8000,0x00000000d6400000)
  to   space 512K, 0% used [0x00000000d6300000,0x00000000d6300000,0x00000000d6380000)
 ParOldGen       total 83456K, used 83050K [0x0000000080000000, 0x0000000085180000, 0x00000000d5580000)
  object space 83456K, 99% used [0x0000000080000000,0x000000008511aad0,0x0000000085180000)
 Metaspace       used 70472K, committed 72064K, reserved 1114112K
  class space    used 7464K, committed 8192K, reserved 1048576K
}
Event: 1666.057 GC heap before
{Heap before GC invocations=90 (full 3):
 PSYoungGen      total 11776K, used 11552K [0x00000000d5580000, 0x00000000d6400000, 0x0000000100000000)
  eden space 11264K, 100% used [0x00000000d5580000,0x00000000d6080000,0x00000000d6080000)
  from space 512K, 56% used [0x00000000d6380000,0x00000000d63c8000,0x00000000d6400000)
  to   space 512K, 0% used [0x00000000d6300000,0x00000000d6300000,0x00000000d6380000)
 ParOldGen       total 83456K, used 83050K [0x0000000080000000, 0x0000000085180000, 0x00000000d5580000)
  object space 83456K, 99% used [0x0000000080000000,0x000000008511aad0,0x0000000085180000)
 Metaspace       used 71834K, committed 73472K, reserved 1114112K
  class space    used 7668K, committed 8448K, reserved 1048576K
}
Event: 1666.102 GC heap after
{Heap after GC invocations=90 (full 3):
 PSYoungGen      total 11776K, used 512K [0x00000000d5580000, 0x00000000d6400000, 0x0000000100000000)
  eden space 11264K, 0% used [0x00000000d5580000,0x00000000d5580000,0x00000000d6080000)
  from space 512K, 100% used [0x00000000d6300000,0x00000000d6380000,0x00000000d6380000)
  to   space 512K, 0% used [0x00000000d6380000,0x00000000d6380000,0x00000000d6400000)
 ParOldGen       total 83456K, used 83298K [0x0000000080000000, 0x0000000085180000, 0x00000000d5580000)
  object space 83456K, 99% used [0x0000000080000000,0x0000000085158b20,0x0000000085180000)
 Metaspace       used 71834K, committed 73472K, reserved 1114112K
  class space    used 7668K, committed 8448K, reserved 1048576K
}
Event: 1987.145 GC heap before
{Heap before GC invocations=91 (full 3):
 PSYoungGen      total 11776K, used 11776K [0x00000000d5580000, 0x00000000d6400000, 0x0000000100000000)
  eden space 11264K, 100% used [0x00000000d5580000,0x00000000d6080000,0x00000000d6080000)
  from space 512K, 100% used [0x00000000d6300000,0x00000000d6380000,0x00000000d6380000)
  to   space 512K, 0% used [0x00000000d6380000,0x00000000d6380000,0x00000000d6400000)
 ParOldGen       total 83456K, used 83298K [0x0000000080000000, 0x0000000085180000, 0x00000000d5580000)
  object space 83456K, 99% used [0x0000000080000000,0x0000000085158b20,0x0000000085180000)
 Metaspace       used 72389K, committed 74112K, reserved 1179648K
  class space    used 7746K, committed 8512K, reserved 1048576K
}
Event: 1987.302 GC heap after
{Heap after GC invocations=91 (full 3):
 PSYoungGen      total 11776K, used 506K [0x00000000d5580000, 0x00000000d6400000, 0x0000000100000000)
  eden space 11264K, 0% used [0x00000000d5580000,0x00000000d5580000,0x00000000d6080000)
  from space 512K, 98% used [0x00000000d6380000,0x00000000d63fe920,0x00000000d6400000)
  to   space 1536K, 0% used [0x00000000d6100000,0x00000000d6100000,0x00000000d6280000)
 ParOldGen       total 84480K, used 84163K [0x0000000080000000, 0x0000000085280000, 0x00000000d5580000)
  object space 84480K, 99% used [0x0000000080000000,0x0000000085230fd8,0x0000000085280000)
 Metaspace       used 72389K, committed 74112K, reserved 1179648K
  class space    used 7746K, committed 8512K, reserved 1048576K
}
Event: 2825.139 GC heap before
{Heap before GC invocations=92 (full 3):
 PSYoungGen      total 11776K, used 11770K [0x00000000d5580000, 0x00000000d6400000, 0x0000000100000000)
  eden space 11264K, 100% used [0x00000000d5580000,0x00000000d6080000,0x00000000d6080000)
  from space 512K, 98% used [0x00000000d6380000,0x00000000d63fe920,0x00000000d6400000)
  to   space 1536K, 0% used [0x00000000d6100000,0x00000000d6100000,0x00000000d6280000)
 ParOldGen       total 84480K, used 84163K [0x0000000080000000, 0x0000000085280000, 0x00000000d5580000)
  object space 84480K, 99% used [0x0000000080000000,0x0000000085230fd8,0x0000000085280000)
 Metaspace       used 72498K, committed 74176K, reserved 1179648K
  class space    used 7749K, committed 8512K, reserved 1048576K
}
Event: 2825.232 GC heap after
{Heap after GC invocations=92 (full 3):
 PSYoungGen      total 12800K, used 496K [0x00000000d5580000, 0x00000000d6400000, 0x0000000100000000)
  eden space 11264K, 0% used [0x00000000d5580000,0x00000000d5580000,0x00000000d6080000)
  from space 1536K, 32% used [0x00000000d6100000,0x00000000d617c050,0x00000000d6280000)
  to   space 1024K, 0% used [0x00000000d6300000,0x00000000d6300000,0x00000000d6400000)
 ParOldGen       total 84992K, used 84579K [0x0000000080000000, 0x0000000085300000, 0x00000000d5580000)
  object space 84992K, 99% used [0x0000000080000000,0x0000000085298ff8,0x0000000085300000)
 Metaspace       used 72498K, committed 74176K, reserved 1179648K
  class space    used 7749K, committed 8512K, reserved 1048576K
}
Event: 2827.589 GC heap before
{Heap before GC invocations=93 (full 3):
 PSYoungGen      total 12800K, used 11759K [0x00000000d5580000, 0x00000000d6400000, 0x0000000100000000)
  eden space 11264K, 99% used [0x00000000d5580000,0x00000000d607fe20,0x00000000d6080000)
  from space 1536K, 32% used [0x00000000d6100000,0x00000000d617c050,0x00000000d6280000)
  to   space 1024K, 0% used [0x00000000d6300000,0x00000000d6300000,0x00000000d6400000)
 ParOldGen       total 84992K, used 84579K [0x0000000080000000, 0x0000000085300000, 0x00000000d5580000)
  object space 84992K, 99% used [0x0000000080000000,0x0000000085298ff8,0x0000000085300000)
 Metaspace       used 72737K, committed 74432K, reserved 1179648K
  class space    used 7757K, committed 8512K, reserved 1048576K
}
Event: 2827.598 GC heap after
{Heap after GC invocations=93 (full 3):
 PSYoungGen      total 12288K, used 1003K [0x00000000d5580000, 0x00000000d6400000, 0x0000000100000000)
  eden space 11264K, 0% used [0x00000000d5580000,0x00000000d5580000,0x00000000d6080000)
  from space 1024K, 97% used [0x00000000d6300000,0x00000000d63fade8,0x00000000d6400000)
  to   space 1536K, 0% used [0x00000000d6100000,0x00000000d6100000,0x00000000d6280000)
 ParOldGen       total 84992K, used 84820K [0x0000000080000000, 0x0000000085300000, 0x00000000d5580000)
  object space 84992K, 99% used [0x0000000080000000,0x00000000852d5038,0x0000000085300000)
 Metaspace       used 72737K, committed 74432K, reserved 1179648K
  class space    used 7757K, committed 8512K, reserved 1048576K
}
Event: 3144.014 GC heap before
{Heap before GC invocations=94 (full 3):
 PSYoungGen      total 12288K, used 12267K [0x00000000d5580000, 0x00000000d6400000, 0x0000000100000000)
  eden space 11264K, 100% used [0x00000000d5580000,0x00000000d6080000,0x00000000d6080000)
  from space 1024K, 97% used [0x00000000d6300000,0x00000000d63fade8,0x00000000d6400000)
  to   space 1536K, 0% used [0x00000000d6100000,0x00000000d6100000,0x00000000d6280000)
 ParOldGen       total 84992K, used 84820K [0x0000000080000000, 0x0000000085300000, 0x00000000d5580000)
  object space 84992K, 99% used [0x0000000080000000,0x00000000852d5038,0x0000000085300000)
 Metaspace       used 73009K, committed 74688K, reserved 1179648K
  class space    used 7785K, committed 8576K, reserved 1048576K
}
Event: 3144.130 GC heap after
{Heap after GC invocations=94 (full 3):
 PSYoungGen      total 12800K, used 836K [0x00000000d5580000, 0x00000000d6380000, 0x0000000100000000)
  eden space 11264K, 0% used [0x00000000d5580000,0x00000000d5580000,0x00000000d6080000)
  from space 1536K, 54% used [0x00000000d6100000,0x00000000d61d1230,0x00000000d6280000)
  to   space 1024K, 0% used [0x00000000d6280000,0x00000000d6280000,0x00000000d6380000)
 ParOldGen       total 86016K, used 85756K [0x0000000080000000, 0x0000000085400000, 0x00000000d5580000)
  object space 86016K, 99% used [0x0000000080000000,0x00000000853bf278,0x0000000085400000)
 Metaspace       used 73009K, committed 74688K, reserved 1179648K
  class space    used 7785K, committed 8576K, reserved 1048576K
}
Event: 3475.739 GC heap before
{Heap before GC invocations=95 (full 3):
 PSYoungGen      total 12800K, used 12100K [0x00000000d5580000, 0x00000000d6380000, 0x0000000100000000)
  eden space 11264K, 100% used [0x00000000d5580000,0x00000000d6080000,0x00000000d6080000)
  from space 1536K, 54% used [0x00000000d6100000,0x00000000d61d1230,0x00000000d6280000)
  to   space 1024K, 0% used [0x00000000d6280000,0x00000000d6280000,0x00000000d6380000)
 ParOldGen       total 86016K, used 85756K [0x0000000080000000, 0x0000000085400000, 0x00000000d5580000)
  object space 86016K, 99% used [0x0000000080000000,0x00000000853bf278,0x0000000085400000)
 Metaspace       used 73103K, committed 74816K, reserved 1179648K
  class space    used 7787K, committed 8576K, reserved 1048576K
}
Event: 3475.768 GC heap after
{Heap after GC invocations=95 (full 3):
 PSYoungGen      total 12288K, used 1001K [0x00000000d5580000, 0x00000000d6480000, 0x0000000100000000)
  eden space 11264K, 0% used [0x00000000d5580000,0x00000000d5580000,0x00000000d6080000)
  from space 1024K, 97% used [0x00000000d6280000,0x00000000d637a430,0x00000000d6380000)
  to   space 2048K, 0% used [0x00000000d6080000,0x00000000d6080000,0x00000000d6280000)
 ParOldGen       total 86528K, used 86352K [0x0000000080000000, 0x0000000085480000, 0x00000000d5580000)
  object space 86528K, 99% used [0x0000000080000000,0x0000000085454368,0x0000000085480000)
 Metaspace       used 73103K, committed 74816K, reserved 1179648K
  class space    used 7787K, committed 8576K, reserved 1048576K
}
Event: 6357.003 GC heap before
{Heap before GC invocations=96 (full 3):
 PSYoungGen      total 12288K, used 12265K [0x00000000d5580000, 0x00000000d6480000, 0x0000000100000000)
  eden space 11264K, 100% used [0x00000000d5580000,0x00000000d6080000,0x00000000d6080000)
  from space 1024K, 97% used [0x00000000d6280000,0x00000000d637a430,0x00000000d6380000)
  to   space 2048K, 0% used [0x00000000d6080000,0x00000000d6080000,0x00000000d6280000)
 ParOldGen       total 86528K, used 86352K [0x0000000080000000, 0x0000000085480000, 0x00000000d5580000)
  object space 86528K, 99% used [0x0000000080000000,0x0000000085454368,0x0000000085480000)
 Metaspace       used 73216K, committed 74880K, reserved 1179648K
  class space    used 7788K, committed 8576K, reserved 1048576K
}
Event: 6357.113 GC heap after
{Heap after GC invocations=96 (full 3):
 PSYoungGen      total 13312K, used 2034K [0x00000000d5580000, 0x00000000d6780000, 0x0000000100000000)
  eden space 11264K, 0% used [0x00000000d5580000,0x00000000d5580000,0x00000000d6080000)
  from space 2048K, 99% used [0x00000000d6080000,0x00000000d627c870,0x00000000d6280000)
  to   space 3584K, 0% used [0x00000000d6400000,0x00000000d6400000,0x00000000d6780000)
 ParOldGen       total 87552K, used 87529K [0x0000000080000000, 0x0000000085580000, 0x00000000d5580000)
  object space 87552K, 99% used [0x0000000080000000,0x000000008557a7c8,0x0000000085580000)
 Metaspace       used 73216K, committed 74880K, reserved 1179648K
  class space    used 7788K, committed 8576K, reserved 1048576K
}
Event: 6358.925 GC heap before
{Heap before GC invocations=97 (full 3):
 PSYoungGen      total 13312K, used 13298K [0x00000000d5580000, 0x00000000d6780000, 0x0000000100000000)
  eden space 11264K, 100% used [0x00000000d5580000,0x00000000d6080000,0x00000000d6080000)
  from space 2048K, 99% used [0x00000000d6080000,0x00000000d627c870,0x00000000d6280000)
  to   space 3584K, 0% used [0x00000000d6400000,0x00000000d6400000,0x00000000d6780000)
 ParOldGen       total 87552K, used 87529K [0x0000000080000000, 0x0000000085580000, 0x00000000d5580000)
  object space 87552K, 99% used [0x0000000080000000,0x000000008557a7c8,0x0000000085580000)
 Metaspace       used 73629K, committed 75328K, reserved 1179648K
  class space    used 7789K, committed 8576K, reserved 1048576K
}
Event: 6358.937 GC heap after
{Heap after GC invocations=97 (full 3):
 PSYoungGen      total 14336K, used 2749K [0x00000000d5580000, 0x00000000d6700000, 0x0000000100000000)
  eden space 11264K, 0% used [0x00000000d5580000,0x00000000d5580000,0x00000000d6080000)
  from space 3072K, 89% used [0x00000000d6400000,0x00000000d66af648,0x00000000d6700000)
  to   space 3072K, 0% used [0x00000000d6100000,0x00000000d6100000,0x00000000d6400000)
 ParOldGen       total 88576K, used 88475K [0x0000000080000000, 0x0000000085680000, 0x00000000d5580000)
  object space 88576K, 99% used [0x0000000080000000,0x0000000085666e38,0x0000000085680000)
 Metaspace       used 73629K, committed 75328K, reserved 1179648K
  class space    used 7789K, committed 8576K, reserved 1048576K
}
Event: 6363.640 GC heap before
{Heap before GC invocations=98 (full 3):
 PSYoungGen      total 14336K, used 13296K [0x00000000d5580000, 0x00000000d6700000, 0x0000000100000000)
  eden space 11264K, 93% used [0x00000000d5580000,0x00000000d5fcccb0,0x00000000d6080000)
  from space 3072K, 89% used [0x00000000d6400000,0x00000000d66af648,0x00000000d6700000)
  to   space 3072K, 0% used [0x00000000d6100000,0x00000000d6100000,0x00000000d6400000)
 ParOldGen       total 88576K, used 88475K [0x0000000080000000, 0x0000000085680000, 0x00000000d5580000)
  object space 88576K, 99% used [0x0000000080000000,0x0000000085666e38,0x0000000085680000)
 Metaspace       used 73961K, committed 75648K, reserved 1179648K
  class space    used 7803K, committed 8576K, reserved 1048576K
}
Event: 6363.654 GC heap after
{Heap after GC invocations=98 (full 3):
 PSYoungGen      total 12288K, used 988K [0x00000000d5580000, 0x00000000d6480000, 0x0000000100000000)
  eden space 11264K, 0% used [0x00000000d5580000,0x00000000d5580000,0x00000000d6080000)
  from space 1024K, 96% used [0x00000000d6100000,0x00000000d61f7260,0x00000000d6200000)
  to   space 2048K, 0% used [0x00000000d6280000,0x00000000d6280000,0x00000000d6480000)
 ParOldGen       total 90112K, used 90040K [0x0000000080000000, 0x0000000085800000, 0x00000000d5580000)
  object space 90112K, 99% used [0x0000000080000000,0x00000000857ee140,0x0000000085800000)
 Metaspace       used 73961K, committed 75648K, reserved 1179648K
  class space    used 7803K, committed 8576K, reserved 1048576K
}

Dll operation events (11 events):
Event: 0.037 Loaded shared library c:\Users\lt607\.vscode\extensions\redhat.java-1.55.0-win32-x64\jre\21.0.11-win32-x86_64\bin\java.dll
Event: 0.167 Loaded shared library c:\Users\lt607\.vscode\extensions\redhat.java-1.55.0-win32-x64\jre\21.0.11-win32-x86_64\bin\zip.dll
Event: 0.236 Loaded shared library C:\Users\lt607\.vscode\extensions\redhat.java-1.55.0-win32-x64\jre\21.0.11-win32-x86_64\bin\instrument.dll
Event: 0.253 Loaded shared library C:\Users\lt607\.vscode\extensions\redhat.java-1.55.0-win32-x64\jre\21.0.11-win32-x86_64\bin\net.dll
Event: 0.257 Loaded shared library C:\Users\lt607\.vscode\extensions\redhat.java-1.55.0-win32-x64\jre\21.0.11-win32-x86_64\bin\nio.dll
Event: 0.270 Loaded shared library C:\Users\lt607\.vscode\extensions\redhat.java-1.55.0-win32-x64\jre\21.0.11-win32-x86_64\bin\zip.dll
Event: 0.361 Loaded shared library C:\Users\lt607\.vscode\extensions\redhat.java-1.55.0-win32-x64\jre\21.0.11-win32-x86_64\bin\jimage.dll
Event: 0.592 Loaded shared library c:\Users\lt607\.vscode\extensions\redhat.java-1.55.0-win32-x64\jre\21.0.11-win32-x86_64\bin\verify.dll
Event: 18.065 Loaded shared library C:\Users\lt607\AppData\Roaming\Code\User\globalStorage\redhat.java\1.55.0\config_win\org.eclipse.equinox.launcher\org.eclipse.equinox.launcher.win32.win32.x86_64_1.3.100.v20260613-0559\eclipse_11924.dll
Event: 37.886 Loaded shared library C:\Users\lt607\AppData\Local\Temp\jna-103249461\jna7742858759404970838.dll
Event: 1656.993 Loaded shared library C:\Users\lt607\.vscode\extensions\redhat.java-1.55.0-win32-x64\jre\21.0.11-win32-x86_64\bin\extnet.dll

Deoptimization events (20 events):
Event: 6364.041 Thread 0x000001d21ff9b8b0 DEOPT PACKING pc=0x000001d1cb4ec388 sp=0x00000050be2fdd00
Event: 6364.041 Thread 0x000001d21ff9b8b0 DEOPT UNPACKING pc=0x000001d1ca746da2 sp=0x00000050be2fdbd8 mode 2
Event: 6364.050 Thread 0x000001d21ff9b8b0 DEOPT PACKING pc=0x000001d1c4fbbdf1 sp=0x00000050be2fda80
Event: 6364.050 Thread 0x000001d21ff9b8b0 DEOPT UNPACKING pc=0x000001d1ca7478e2 sp=0x00000050be2fcf68 mode 0
Event: 6364.190 Thread 0x000001d21ff9b8b0 Uncommon trap: trap_request=0xffffff45 fr.pc=0x000001d1cb4e0198 relative=0x00000000000013d8
Event: 6364.190 Thread 0x000001d21ff9b8b0 Uncommon trap: reason=unstable_if action=reinterpret pc=0x000001d1cb4e0198 method=org.eclipse.jdt.internal.compiler.parser.Scanner.getNextToken()Lorg/eclipse/jdt/internal/compiler/parser/TerminalToken; @ 144 c2
Event: 6364.190 Thread 0x000001d21ff9b8b0 DEOPT PACKING pc=0x000001d1cb4e0198 sp=0x00000050be2fdd00
Event: 6364.190 Thread 0x000001d21ff9b8b0 DEOPT UNPACKING pc=0x000001d1ca746da2 sp=0x00000050be2fdbd8 mode 2
Event: 6364.191 Thread 0x000001d21ff9b8b0 Uncommon trap: trap_request=0xffffff45 fr.pc=0x000001d1cb3fc894 relative=0x00000000000003b4
Event: 6364.191 Thread 0x000001d21ff9b8b0 Uncommon trap: reason=unstable_if action=reinterpret pc=0x000001d1cb3fc894 method=org.eclipse.jdt.internal.compiler.parser.Scanner.getNextToken()Lorg/eclipse/jdt/internal/compiler/parser/TerminalToken; @ 144 c2
Event: 6364.191 Thread 0x000001d21ff9b8b0 DEOPT PACKING pc=0x000001d1cb3fc894 sp=0x00000050be2fdc60
Event: 6364.191 Thread 0x000001d21ff9b8b0 DEOPT UNPACKING pc=0x000001d1ca746da2 sp=0x00000050be2fdbf8 mode 2
Event: 6364.760 Thread 0x000001d21ff9b8b0 Uncommon trap: trap_request=0xffffffc6 fr.pc=0x000001d1cb40f244 relative=0x0000000000000e84
Event: 6364.760 Thread 0x000001d21ff9b8b0 Uncommon trap: reason=bimorphic_or_optimized_type_check action=maybe_recompile pc=0x000001d1cb40f244 method=com.google.gson.internal.GsonTypes.canonicalize(Ljava/lang/reflect/Type;)Ljava/lang/reflect/Type; @ 55 c2
Event: 6364.760 Thread 0x000001d21ff9b8b0 DEOPT PACKING pc=0x000001d1cb40f244 sp=0x00000050be2fe0c0
Event: 6364.760 Thread 0x000001d21ff9b8b0 DEOPT UNPACKING pc=0x000001d1ca746da2 sp=0x00000050be2fe030 mode 2
Event: 6364.770 Thread 0x000001d21ff9b8b0 Uncommon trap: trap_request=0xffffffc6 fr.pc=0x000001d1cb40f244 relative=0x0000000000000e84
Event: 6364.770 Thread 0x000001d21ff9b8b0 Uncommon trap: reason=bimorphic_or_optimized_type_check action=maybe_recompile pc=0x000001d1cb40f244 method=com.google.gson.internal.GsonTypes.canonicalize(Ljava/lang/reflect/Type;)Ljava/lang/reflect/Type; @ 55 c2
Event: 6364.770 Thread 0x000001d21ff9b8b0 DEOPT PACKING pc=0x000001d1cb40f244 sp=0x00000050be2fe0d0
Event: 6364.770 Thread 0x000001d21ff9b8b0 DEOPT UNPACKING pc=0x000001d1ca746da2 sp=0x00000050be2fe040 mode 2

Classes loaded (20 events):
Event: 1666.229 Loading class jdk/internal/reflect/MethodHandleByteFieldAccessorImpl
Event: 1666.230 Loading class jdk/internal/reflect/MethodHandleByteFieldAccessorImpl done
Event: 3068.098 Loading class java/net/StandardSocketOptions
Event: 3068.151 Loading class java/net/StandardSocketOptions done
Event: 3068.152 Loading class java/net/StandardSocketOptions$StdSocketOption
Event: 3068.179 Loading class java/net/StandardSocketOptions$StdSocketOption done
Event: 3068.194 Loading class sun/nio/ch/SocketOptionRegistry
Event: 3068.218 Loading class sun/nio/ch/SocketOptionRegistry done
Event: 3068.220 Loading class sun/nio/ch/SocketOptionRegistry$RegistryKey
Event: 3068.234 Loading class sun/nio/ch/SocketOptionRegistry$RegistryKey done
Event: 3068.237 Loading class sun/nio/ch/SocketOptionRegistry$LazyInitialization
Event: 3068.272 Loading class sun/nio/ch/SocketOptionRegistry$LazyInitialization done
Event: 3068.275 Loading class sun/nio/ch/OptionKey
Event: 3068.292 Loading class sun/nio/ch/OptionKey done
Event: 3068.297 Loading class sun/nio/ch/ExtendedSocketOption
Event: 3068.305 Loading class sun/nio/ch/ExtendedSocketOption done
Event: 3068.305 Loading class sun/nio/ch/ExtendedSocketOption$1
Event: 3068.330 Loading class sun/nio/ch/ExtendedSocketOption$1 done
Event: 3068.568 Loading class java/util/concurrent/CompletableFuture$AsyncRun
Event: 3068.648 Loading class java/util/concurrent/CompletableFuture$AsyncRun done

Classes unloaded (7 events):
Event: 39.071 Thread 0x000001d1d69af4c0 Unloading class 0x000001d1d81a5000 'java/lang/invoke/LambdaForm$MH+0x000001d1d81a5000'
Event: 39.071 Thread 0x000001d1d69af4c0 Unloading class 0x000001d1d81a4c00 'java/lang/invoke/LambdaForm$MH+0x000001d1d81a4c00'
Event: 39.071 Thread 0x000001d1d69af4c0 Unloading class 0x000001d1d81a4800 'java/lang/invoke/LambdaForm$MH+0x000001d1d81a4800'
Event: 39.071 Thread 0x000001d1d69af4c0 Unloading class 0x000001d1d81a4400 'java/lang/invoke/LambdaForm$MH+0x000001d1d81a4400'
Event: 39.071 Thread 0x000001d1d69af4c0 Unloading class 0x000001d1d81a4000 'java/lang/invoke/LambdaForm$BMH+0x000001d1d81a4000'
Event: 39.071 Thread 0x000001d1d69af4c0 Unloading class 0x000001d1d81a3c00 'java/lang/invoke/LambdaForm$DMH+0x000001d1d81a3c00'
Event: 39.071 Thread 0x000001d1d69af4c0 Unloading class 0x000001d1d81a2800 'java/lang/invoke/LambdaForm$DMH+0x000001d1d81a2800'

Classes redefined (0 events):
No events

Internal exceptions (20 events):
Event: 1654.574 Thread 0x000001d21ff9ed30 Exception <a 'sun/nio/fs/WindowsException'{0x00000000d5f7dc48}> (0x00000000d5f7dc48) 
thrown [s\src\hotspot\share\prims\jni.cpp, line 520]
Event: 1654.577 Thread 0x000001d21ff9ed30 Exception <a 'sun/nio/fs/WindowsException'{0x00000000d5f7e990}> (0x00000000d5f7e990) 
thrown [s\src\hotspot\share\prims\jni.cpp, line 520]
Event: 1654.577 Thread 0x000001d21ff9ed30 Exception <a 'sun/nio/fs/WindowsException'{0x00000000d5fdb400}> (0x00000000d5fdb400) 
thrown [s\src\hotspot\share\prims\jni.cpp, line 520]
Event: 1654.581 Thread 0x000001d21ff9ed30 Exception <a 'sun/nio/fs/WindowsException'{0x00000000d5fdcb98}> (0x00000000d5fdcb98) 
thrown [s\src\hotspot\share\prims\jni.cpp, line 520]
Event: 1654.581 Thread 0x000001d21ff9ed30 Exception <a 'sun/nio/fs/WindowsException'{0x00000000d5fdd1c8}> (0x00000000d5fdd1c8) 
thrown [s\src\hotspot\share\prims\jni.cpp, line 520]
Event: 1654.780 Thread 0x000001d21ff9ed30 Exception <a 'sun/nio/fs/WindowsException'{0x00000000d575b378}> (0x00000000d575b378) 
thrown [s\src\hotspot\share\prims\jni.cpp, line 520]
Event: 1654.780 Thread 0x000001d21ff9ed30 Exception <a 'sun/nio/fs/WindowsException'{0x00000000d575bc58}> (0x00000000d575bc58) 
thrown [s\src\hotspot\share\prims\jni.cpp, line 520]
Event: 1657.131 Thread 0x000001d21ff98ac0 Exception <a 'java/io/FileNotFoundException'{0x00000000d5b872f8}> (0x00000000d5b872f8) 
thrown [s\src\hotspot\share\prims\jni.cpp, line 520]
Event: 1657.480 Thread 0x000001d21ff98ac0 Exception <a 'java/lang/NoSuchMethodError'{0x00000000d5f52388}: 'java.lang.Object java.lang.invoke.DirectMethodHandle$Holder.invokeVirtual(java.lang.Object, java.lang.Object, java.lang.Object, java.lang.Object)'> (0x00000000d5f52388) 
thrown [s\src\hotspot\share\interpreter\linkResolver.cpp, line 773]
Event: 1657.574 Thread 0x000001d21ff9d2f0 Exception <a 'java/lang/NoSuchMethodError'{0x00000000d5865710}: 'java.lang.Object java.lang.invoke.DirectMethodHandle$Holder.invokeStatic(java.lang.Object, long, java.lang.Object, java.lang.Object)'> (0x00000000d5865710) 
thrown [s\src\hotspot\share\interpreter\linkResolver.cpp, line 773]
Event: 1657.725 Thread 0x000001d21ff9d2f0 Exception <a 'sun/nio/fs/WindowsException'{0x00000000d592d550}> (0x00000000d592d550) 
thrown [s\src\hotspot\share\prims\jni.cpp, line 520]
Event: 1657.725 Thread 0x000001d21ff9d2f0 Exception <a 'sun/nio/fs/WindowsException'{0x00000000d592e550}> (0x00000000d592e550) 
thrown [s\src\hotspot\share\prims\jni.cpp, line 520]
Event: 1657.775 Thread 0x000001d21ff9d2f0 Exception <a 'java/io/FileNotFoundException'{0x00000000d5a392b0}> (0x00000000d5a392b0) 
thrown [s\src\hotspot\share\prims\jni.cpp, line 520]
Event: 1657.775 Thread 0x000001d21ff9d2f0 Exception <a 'java/io/FileNotFoundException'{0x00000000d5a3a500}> (0x00000000d5a3a500) 
thrown [s\src\hotspot\share\prims\jni.cpp, line 520]
Event: 1657.830 Thread 0x000001d21ff9d2f0 Exception <a 'java/lang/NoSuchMethodError'{0x00000000d5b2e0a0}: 'java.lang.Object java.lang.invoke.DirectMethodHandle$Holder.newInvokeSpecial(java.lang.Object, java.lang.Object, java.lang.Object, java.lang.Object, java.lang.Object, java.lang.Object, java.lang.Object, java.lang.Object, java.lang.Object)'> (0x00000000d5b2e0a0) 
thrown [s\src\hotspot\share\interpreter\linkResolver.cpp, line 773]
Event: 1661.002 Thread 0x000001d21ff9b220 Exception <a 'java/lang/NoSuchMethodError'{0x00000000d5b71118}: 'long java.lang.invoke.DelegatingMethodHandle$Holder.reinvoke_L(java.lang.Object, java.lang.Object)'> (0x00000000d5b71118) 
thrown [s\src\hotspot\share\interpreter\linkResolver.cpp, line 773]
Event: 1661.006 Thread 0x000001d21ff9b220 Exception <a 'java/lang/NoSuchMethodError'{0x00000000d5b7b090}: 'void java.lang.invoke.DelegatingMethodHandle$Holder.reinvoke_L(java.lang.Object, java.lang.Object, long)'> (0x00000000d5b7b090) 
thrown [s\src\hotspot\share\interpreter\linkResolver.cpp, line 773]
Event: 1665.731 Thread 0x000001d21ff9b220 Exception <a 'java/lang/NoSuchMethodError'{0x00000000d5f15a90}: 'long java.lang.invoke.Invokers$Holder.invokeExact_MT(java.lang.Object, java.lang.Object, java.lang.Object)'> (0x00000000d5f15a90) 
thrown [s\src\hotspot\share\interpreter\linkResolver.cpp, line 773]
Event: 3068.383 Thread 0x000001d21ff9ab90 Exception <a 'java/lang/InterruptedException'{0x00000000d58afad0}> (0x00000000d58afad0) 
thrown [s\src\hotspot\share\runtime\objectMonitor.cpp, line 1625]
Event: 6363.119 Thread 0x000001d21ff9b8b0 Implicit null exception at 0x000001d1cb4e9eda to 0x000001d1cb4e9f33

ZGC Phase Switch (0 events):
No events

VM Operations (20 events):
Event: 6358.924 Executing safepoint VM operation: ParallelGCFailedAllocation (Allocation Failure)
Event: 6358.937 Executing safepoint VM operation: ParallelGCFailedAllocation (Allocation Failure) done
Event: 6360.948 Executing safepoint VM operation: Cleanup
Event: 6360.948 Executing safepoint VM operation: Cleanup done
Event: 6363.113 Executing non-safepoint VM operation: HandshakeAllThreads (Deoptimize)
Event: 6363.113 Executing non-safepoint VM operation: HandshakeAllThreads (Deoptimize) done
Event: 6363.179 Executing non-safepoint VM operation: HandshakeAllThreads (Deoptimize)
Event: 6363.179 Executing non-safepoint VM operation: HandshakeAllThreads (Deoptimize) done
Event: 6363.179 Executing safepoint VM operation: Cleanup
Event: 6363.179 Executing safepoint VM operation: Cleanup done
Event: 6363.639 Executing safepoint VM operation: ParallelGCFailedAllocation (Allocation Failure)
Event: 6363.654 Executing safepoint VM operation: ParallelGCFailedAllocation (Allocation Failure) done
Event: 6364.654 Executing safepoint VM operation: Cleanup
Event: 6364.656 Executing safepoint VM operation: Cleanup done
Event: 6365.657 Executing safepoint VM operation: Cleanup
Event: 6365.658 Executing safepoint VM operation: Cleanup done
Event: 6374.453 Executing non-safepoint VM operation: HandshakeAllThreads (HandshakeForDeflation)
Event: 6374.456 Executing non-safepoint VM operation: HandshakeAllThreads (HandshakeForDeflation) done
Event: 6374.457 Executing non-safepoint VM operation: RendezvousGCThreads
Event: 6374.457 Executing non-safepoint VM operation: RendezvousGCThreads done

Memory protections (0 events):
No events

Nmethod flushes (20 events):
Event: 58.563 Thread 0x000001d1d69af4c0 flushing  nmethod 0x000001d1c3b6c590
Event: 58.563 Thread 0x000001d1d69af4c0 flushing  nmethod 0x000001d1c3b83b90
Event: 58.563 Thread 0x000001d1d69af4c0 flushing  nmethod 0x000001d1c3b85810
Event: 58.563 Thread 0x000001d1d69af4c0 flushing  nmethod 0x000001d1c3b8a090
Event: 58.563 Thread 0x000001d1d69af4c0 flushing  nmethod 0x000001d1c3b8a510
Event: 58.563 Thread 0x000001d1d69af4c0 flushing  nmethod 0x000001d1c3b8aa90
Event: 58.563 Thread 0x000001d1d69af4c0 flushing  nmethod 0x000001d1c3b8b010
Event: 58.563 Thread 0x000001d1d69af4c0 flushing  nmethod 0x000001d1c3b8b490
Event: 58.563 Thread 0x000001d1d69af4c0 flushing  nmethod 0x000001d1c3b8ba10
Event: 58.563 Thread 0x000001d1d69af4c0 flushing  nmethod 0x000001d1c3b8bd90
Event: 58.563 Thread 0x000001d1d69af4c0 flushing  nmethod 0x000001d1c3b8c290
Event: 58.563 Thread 0x000001d1d69af4c0 flushing  nmethod 0x000001d1c3b8c790
Event: 58.563 Thread 0x000001d1d69af4c0 flushing  nmethod 0x000001d1c3b8cd90
Event: 58.563 Thread 0x000001d1d69af4c0 flushing  nmethod 0x000001d1c3b8e910
Event: 58.563 Thread 0x000001d1d69af4c0 flushing  nmethod 0x000001d1c3b8f110
Event: 58.563 Thread 0x000001d1d69af4c0 flushing  nmethod 0x000001d1c3bb1710
Event: 58.563 Thread 0x000001d1d69af4c0 flushing  nmethod 0x000001d1c3bb2190
Event: 58.563 Thread 0x000001d1d69af4c0 flushing  nmethod 0x000001d1c3bbd910
Event: 58.563 Thread 0x000001d1d69af4c0 flushing  nmethod 0x000001d1c3bbff10
Event: 58.563 Thread 0x000001d1d69af4c0 flushing  nmethod 0x000001d1c3bd0f10

Events (20 events):
Event: 3261.942 Thread 0x000001d21ff9cc60 Thread exited: 0x000001d21ff9cc60
Event: 3321.956 Thread 0x000001d21ff9ab90 Thread exited: 0x000001d21ff9ab90
Event: 3472.763 Thread 0x000001d2189743c0 Thread added: 0x000001d21ff9ed30
Event: 3472.764 Thread 0x000001d21ff9ed30 Thread added: 0x000001d21ff99e70
Event: 3473.265 Thread 0x000001d21e5fa100 Thread added: 0x000001d21ff9f3c0
Event: 3473.380 Thread 0x000001d21e5fa100 Thread added: 0x000001d21ff9cc60
Event: 3473.384 Thread 0x000001d21e5fa100 Thread added: 0x000001d21ff98430
Event: 3534.344 Thread 0x000001d21ff9cc60 Thread exited: 0x000001d21ff9cc60
Event: 3535.652 Thread 0x000001d2189743c0 Thread exited: 0x000001d2189743c0
Event: 3535.692 Thread 0x000001d21ff99e70 Thread exited: 0x000001d21ff99e70
Event: 3594.344 Thread 0x000001d21ff9f3c0 Thread exited: 0x000001d21ff9f3c0
Event: 3654.357 Thread 0x000001d21ff98430 Thread exited: 0x000001d21ff98430
Event: 3768.151 Thread 0x000001d21e5fa100 Thread added: 0x000001d21ff9ab90
Event: 3828.612 Thread 0x000001d21ff9ab90 Thread exited: 0x000001d21ff9ab90
Event: 6347.194 Thread 0x000001d21e5fa100 Thread added: 0x000001d21ff9f3c0
Event: 6348.031 Thread 0x000001d21ff9f3c0 Thread added: 0x000001d21ff9b8b0
Event: 6348.827 Thread 0x000001d21e5fa100 Thread added: 0x000001d21ff997e0
Event: 6424.879 Thread 0x000001d21ff9b8b0 Thread exited: 0x000001d21ff9b8b0
Event: 6485.120 Thread 0x000001d21ff997e0 Thread exited: 0x000001d21ff997e0
Event: 6545.339 Thread 0x000001d21ff9f3c0 Thread exited: 0x000001d21ff9f3c0


Dynamic libraries:
0x00007ff7eeb20000 - 0x00007ff7eeb2e000 	c:\Users\lt607\.vscode\extensions\redhat.java-1.55.0-win32-x64\jre\21.0.11-win32-x86_64\bin\java.exe
0x00007ff8b2ef0000 - 0x00007ff8b3108000 	C:\WINDOWS\SYSTEM32\ntdll.dll
0x00007ff8b1c90000 - 0x00007ff8b1d54000 	C:\WINDOWS\System32\KERNEL32.DLL
0x00007ff8b0000000 - 0x00007ff8b03d3000 	C:\WINDOWS\System32\KERNELBASE.dll
0x00007ff8ac200000 - 0x00007ff8ac297000 	C:\WINDOWS\SYSTEM32\apphelp.dll
0x00007ff8b07f0000 - 0x00007ff8b0901000 	C:\WINDOWS\System32\ucrtbase.dll
0x00007ff8aa070000 - 0x00007ff8aa088000 	c:\Users\lt607\.vscode\extensions\redhat.java-1.55.0-win32-x64\jre\21.0.11-win32-x86_64\bin\jli.dll
0x00007ff8a9fc0000 - 0x00007ff8a9fde000 	c:\Users\lt607\.vscode\extensions\redhat.java-1.55.0-win32-x64\jre\21.0.11-win32-x86_64\bin\VCRUNTIME140.dll
0x00007ff8b1720000 - 0x00007ff8b18d2000 	C:\WINDOWS\System32\USER32.dll
0x00007ff8b03e0000 - 0x00007ff8b0406000 	C:\WINDOWS\System32\win32u.dll
0x00007ff8b10f0000 - 0x00007ff8b1119000 	C:\WINDOWS\System32\GDI32.dll
0x00007ff8b0560000 - 0x00007ff8b067b000 	C:\WINDOWS\System32\gdi32full.dll
0x00007ff8b0410000 - 0x00007ff8b04aa000 	C:\WINDOWS\System32\msvcp_win.dll
0x00007ff8932c0000 - 0x00007ff89355c000 	C:\WINDOWS\WinSxS\amd64_microsoft.windows.common-controls_6595b64144ccf1df_6.0.22621.6060_none_2712eda17382d24b\COMCTL32.dll
0x00007ff8b1d60000 - 0x00007ff8b1e07000 	C:\WINDOWS\System32\msvcrt.dll
0x00007ff8b0d40000 - 0x00007ff8b0d71000 	C:\WINDOWS\System32\IMM32.DLL
0x00007ff8ac9f0000 - 0x00007ff8ac9fc000 	c:\Users\lt607\.vscode\extensions\redhat.java-1.55.0-win32-x64\jre\21.0.11-win32-x86_64\bin\vcruntime140_1.dll
0x00007ff885460000 - 0x00007ff8854ed000 	c:\Users\lt607\.vscode\extensions\redhat.java-1.55.0-win32-x64\jre\21.0.11-win32-x86_64\bin\msvcp140.dll
0x00007ff839e50000 - 0x00007ff83abf2000 	c:\Users\lt607\.vscode\extensions\redhat.java-1.55.0-win32-x64\jre\21.0.11-win32-x86_64\bin\server\jvm.dll
0x00007ff8b0f20000 - 0x00007ff8b0fd1000 	C:\WINDOWS\System32\ADVAPI32.dll
0x00007ff8b0d80000 - 0x00007ff8b0e28000 	C:\WINDOWS\System32\sechost.dll
0x00007ff8b04b0000 - 0x00007ff8b04d8000 	C:\WINDOWS\System32\bcrypt.dll
0x00007ff8b1400000 - 0x00007ff8b1518000 	C:\WINDOWS\System32\RPCRT4.dll
0x00007ff8b1e10000 - 0x00007ff8b1e81000 	C:\WINDOWS\System32\WS2_32.dll
0x00007ff8afee0000 - 0x00007ff8aff2d000 	C:\WINDOWS\SYSTEM32\POWRPROF.dll
0x00007ff8abc10000 - 0x00007ff8abc44000 	C:\WINDOWS\SYSTEM32\WINMM.dll
0x00007ff8a7880000 - 0x00007ff8a788a000 	C:\WINDOWS\SYSTEM32\VERSION.dll
0x00007ff8afec0000 - 0x00007ff8afed3000 	C:\WINDOWS\SYSTEM32\UMPDC.dll
0x00007ff8aefe0000 - 0x00007ff8aeff8000 	C:\WINDOWS\SYSTEM32\kernel.appcore.dll
0x00007ff8ac5a0000 - 0x00007ff8ac5aa000 	c:\Users\lt607\.vscode\extensions\redhat.java-1.55.0-win32-x64\jre\21.0.11-win32-x86_64\bin\jimage.dll
0x00007ff8adc70000 - 0x00007ff8adea3000 	C:\WINDOWS\SYSTEM32\DBGHELP.DLL
0x00007ff8b18f0000 - 0x00007ff8b1c81000 	C:\WINDOWS\System32\combase.dll
0x00007ff8b2730000 - 0x00007ff8b2808000 	C:\WINDOWS\System32\OLEAUT32.dll
0x00007ff88bd00000 - 0x00007ff88bd32000 	C:\WINDOWS\SYSTEM32\dbgcore.DLL
0x00007ff8b0b10000 - 0x00007ff8b0b8b000 	C:\WINDOWS\System32\bcryptPrimitives.dll
0x00007ff8ac3f0000 - 0x00007ff8ac3ff000 	c:\Users\lt607\.vscode\extensions\redhat.java-1.55.0-win32-x64\jre\21.0.11-win32-x86_64\bin\instrument.dll
0x00007ff8a8ba0000 - 0x00007ff8a8bc0000 	c:\Users\lt607\.vscode\extensions\redhat.java-1.55.0-win32-x64\jre\21.0.11-win32-x86_64\bin\java.dll
0x00007ff8b1e90000 - 0x00007ff8b272c000 	C:\WINDOWS\System32\SHELL32.dll
0x00007ff8b0910000 - 0x00007ff8b0a4f000 	C:\WINDOWS\System32\wintypes.dll
0x00007ff8adf00000 - 0x00007ff8ae81a000 	C:\WINDOWS\SYSTEM32\windows.storage.dll
0x00007ff8b0fe0000 - 0x00007ff8b10e4000 	C:\WINDOWS\System32\SHCORE.dll
0x00007ff8b0eb0000 - 0x00007ff8b0f19000 	C:\WINDOWS\System32\shlwapi.dll
0x00007ff8aff30000 - 0x00007ff8aff55000 	C:\WINDOWS\SYSTEM32\profapi.dll
0x00007ff8a8b40000 - 0x00007ff8a8b58000 	c:\Users\lt607\.vscode\extensions\redhat.java-1.55.0-win32-x64\jre\21.0.11-win32-x86_64\bin\zip.dll
0x00007ff8abf70000 - 0x00007ff8abf80000 	C:\Users\lt607\.vscode\extensions\redhat.java-1.55.0-win32-x64\jre\21.0.11-win32-x86_64\bin\net.dll
0x00007ff8a9b80000 - 0x00007ff8a9cac000 	C:\WINDOWS\SYSTEM32\WINHTTP.dll
0x00007ff8af4c0000 - 0x00007ff8af529000 	C:\WINDOWS\system32\mswsock.dll
0x00007ff8a8ad0000 - 0x00007ff8a8ae6000 	C:\Users\lt607\.vscode\extensions\redhat.java-1.55.0-win32-x64\jre\21.0.11-win32-x86_64\bin\nio.dll
0x00007ff8abe60000 - 0x00007ff8abe70000 	c:\Users\lt607\.vscode\extensions\redhat.java-1.55.0-win32-x64\jre\21.0.11-win32-x86_64\bin\verify.dll
0x00007ff8978b0000 - 0x00007ff8978f5000 	C:\Users\lt607\AppData\Roaming\Code\User\globalStorage\redhat.java\1.55.0\config_win\org.eclipse.equinox.launcher\org.eclipse.equinox.launcher.win32.win32.x86_64_1.3.100.v20260613-0559\eclipse_11924.dll
0x00007ff8b0b90000 - 0x00007ff8b0d31000 	C:\WINDOWS\System32\ole32.dll
0x00007ff8af710000 - 0x00007ff8af72b000 	C:\WINDOWS\SYSTEM32\CRYPTSP.dll
0x00007ff8aef40000 - 0x00007ff8aef77000 	C:\WINDOWS\system32\rsaenh.dll
0x00007ff8af5b0000 - 0x00007ff8af5d8000 	C:\WINDOWS\SYSTEM32\USERENV.dll
0x00007ff8af730000 - 0x00007ff8af73c000 	C:\WINDOWS\SYSTEM32\CRYPTBASE.dll
0x00007ff8aea80000 - 0x00007ff8aeaad000 	C:\WINDOWS\SYSTEM32\IPHLPAPI.DLL
0x00007ff8b18e0000 - 0x00007ff8b18e9000 	C:\WINDOWS\System32\NSI.dll
0x00007ff875450000 - 0x00007ff875499000 	C:\Users\lt607\AppData\Local\Temp\jna-103249461\jna7742858759404970838.dll
0x00007ff8b0ea0000 - 0x00007ff8b0ea8000 	C:\WINDOWS\System32\PSAPI.DLL
0x00007ff8a99f0000 - 0x00007ff8a9a09000 	C:\WINDOWS\SYSTEM32\dhcpcsvc6.DLL
0x00007ff8a99a0000 - 0x00007ff8a99bf000 	C:\WINDOWS\SYSTEM32\dhcpcsvc.DLL
0x00007ff8ac5c0000 - 0x00007ff8ac5c9000 	C:\Users\lt607\.vscode\extensions\redhat.java-1.55.0-win32-x64\jre\21.0.11-win32-x86_64\bin\extnet.dll

JVMTI agents:
c:\Users\lt607\.vscode\extensions\redhat.java-1.55.0-win32-x64\lombok\lombok-1.18.39-4050.jar path:c:\Users\lt607\.vscode\extensions\redhat.java-1.55.0-win32-x64\jre\21.0.11-win32-x86_64\bin\instrument.dll, loaded, initialized, instrumentlib options:none

dbghelp: loaded successfully - version: 4.0.5 - missing functions: none
symbol engine: initialized successfully - sym options: 0x614 - pdb path: .;c:\Users\lt607\.vscode\extensions\redhat.java-1.55.0-win32-x64\jre\21.0.11-win32-x86_64\bin;C:\WINDOWS\SYSTEM32;C:\WINDOWS\WinSxS\amd64_microsoft.windows.common-controls_6595b64144ccf1df_6.0.22621.6060_none_2712eda17382d24b;c:\Users\lt607\.vscode\extensions\redhat.java-1.55.0-win32-x64\jre\21.0.11-win32-x86_64\bin\server;C:\Users\lt607\AppData\Roaming\Code\User\globalStorage\redhat.java\1.55.0\config_win\org.eclipse.equinox.launcher\org.eclipse.equinox.launcher.win32.win32.x86_64_1.3.100.v20260613-0559;C:\Users\lt607\AppData\Local\Temp\jna-103249461

VM Arguments:
jvm_args: --add-modules=ALL-SYSTEM --add-opens=java.base/java.util=ALL-UNNAMED --add-opens=java.base/java.lang=ALL-UNNAMED --add-opens=java.base/sun.nio.fs=ALL-UNNAMED -Declipse.application=org.eclipse.jdt.ls.core.id1 -Dosgi.bundles.defaultStartLevel=4 -Declipse.product=org.eclipse.jdt.ls.core.product -Djava.import.generatesMetadataFilesAtProjectRoot=false -DDetectVMInstallationsJob.disabled=true -Dfile.encoding=utf8 -XX:+UseParallelGC -XX:GCTimeRatio=4 -XX:AdaptiveSizePolicyWeight=90 -Dsun.zip.disableMemoryMapping=true -Xmx2G -Xms100m -Xlog:disable -javaagent:c:\Users\lt607\.vscode\extensions\redhat.java-1.55.0-win32-x64\lombok\lombok-1.18.39-4050.jar -XX:+HeapDumpOnOutOfMemoryError -XX:HeapDumpPath=c:\Users\lt607\AppData\Roaming\Code\User\workspaceStorage\b95a123d851ee4fbc339367db060e1b0\redhat.java -Daether.dependencyCollector.impl=bf 
java_command: c:\Users\lt607\.vscode\extensions\redhat.java-1.55.0-win32-x64\server\plugins\org.eclipse.equinox.launcher_1.7.200.v20260619-2039.jar -configuration c:\Users\lt607\AppData\Roaming\Code\User\globalStorage\redhat.java\1.55.0\config_win -data c:\Users\lt607\AppData\Roaming\Code\User\workspaceStorage\b95a123d851ee4fbc339367db060e1b0\redhat.java\jdt_ws --pipe=\\.\pipe\lsp-f40a3c5abbc8dadce60a3e867691b3ec-sock
java_class_path (initial): c:\Users\lt607\.vscode\extensions\redhat.java-1.55.0-win32-x64\server\plugins\org.eclipse.equinox.launcher_1.7.200.v20260619-2039.jar
Launcher Type: SUN_STANDARD

[Global flags]
    uintx AdaptiveSizePolicyWeight                 = 90                                        {product} {command line}
     intx CICompilerCount                          = 3                                         {product} {ergonomic}
    uintx GCTimeRatio                              = 4                                         {product} {command line}
     bool HeapDumpOnOutOfMemoryError               = true                                   {manageable} {command line}
    ccstr HeapDumpPath                             = c:\Users\lt607\AppData\Roaming\Code\User\workspaceStorage\b95a123d851ee4fbc339367db060e1b0\redhat.java         {manageable} {command line}
   size_t InitialHeapSize                          = 104857600                                 {product} {command line}
   size_t MaxHeapSize                              = 2147483648                                {product} {command line}
   size_t MaxNewSize                               = 715653120                                 {product} {ergonomic}
   size_t MinHeapDeltaBytes                        = 524288                                    {product} {ergonomic}
   size_t MinHeapSize                              = 104857600                                 {product} {command line}
   size_t NewSize                                  = 34603008                                  {product} {ergonomic}
    uintx NonNMethodCodeHeapSize                   = 5832780                                {pd product} {ergonomic}
    uintx NonProfiledCodeHeapSize                  = 122912730                              {pd product} {ergonomic}
   size_t OldSize                                  = 70254592                                  {product} {ergonomic}
    uintx ProfiledCodeHeapSize                     = 122912730                              {pd product} {ergonomic}
    uintx ReservedCodeCacheSize                    = 251658240                              {pd product} {ergonomic}
     bool SegmentedCodeCache                       = true                                      {product} {ergonomic}
   size_t SoftMaxHeapSize                          = 2147483648                             {manageable} {ergonomic}
     bool UseCompressedOops                        = true                           {product lp64_product} {ergonomic}
     bool UseLargePagesIndividualAllocation        = false                                  {pd product} {ergonomic}
     bool UseParallelGC                            = true                                      {product} {command line}

Logging:
Log output configuration:
 #0: stdout all=off uptime,level,tags foldmultilines=false
 #1: stderr all=off uptime,level,tags foldmultilines=false

Release file:
JAVA_VERSION="21.0.11" 
MODULES="java.base java.compiler java.datatransfer java.xml java.prefs java.desktop java.instrument java.logging java.management java.security.sasl java.naming java.rmi java.management.rmi java.net.http java.scripting java.security.jgss java.transaction.xa java.sql java.sql.rowset java.xml.crypto java.se java.smartcardio jdk.accessibility jdk.internal.jvmstat jdk.attach jdk.charsets jdk.internal.opt jdk.zipfs jdk.compiler jdk.crypto.ec jdk.crypto.cryptoki jdk.crypto.mscapi jdk.dynalink jdk.internal.ed jdk.editpad jdk.hotspot.agent jdk.httpserver jdk.internal.le jdk.internal.vm.ci jdk.internal.vm.compiler jdk.internal.vm.compiler.management jdk.jartool jdk.javadoc jdk.jcmd jdk.management jdk.management.agent jdk.jconsole jdk.jdeps jdk.jdwp.agent jdk.jdi jdk.jfr jdk.jshell jdk.jsobject jdk.jstatd jdk.localedata jdk.management.jfr jdk.naming.dns jdk.naming.rmi jdk.net jdk.nio.mapmode jdk.random jdk.sctp jdk.security.auth jdk.security.jgss jdk.unsupported jdk.unsupported.desktop jdk.xml.dom" 

Environment Variables:
JAVA_HOME=C:\Program Files\Java\jdk-17
PATH=C:\Program Files\Common Files\Oracle\Java\javapath;C:\Program Files (x86)\VMware\VMware Workstation\bin\;C:\WINDOWS\system32;C:\WINDOWS;C:\WINDOWS\System32\Wbem;C:\WINDOWS\System32\WindowsPowerShell\v1.0\;C:\WINDOWS\System32\OpenSSH\;C:\msys64\ucrt64\bin;C:\Program Files\Java\jdk-17\bin;C:\Program Files\Git\cmd;C:\Users\lt607\.local\bin;C:\Users\lt607\AppData\Local\Microsoft\WindowsApps;C:\Users\lt607\AppData\Local\Python\bin;C:\msys64\ucrt64\bin;C:\Users\lt607\AppData\Local\Programs\Microsoft VS Code\bin;D:\Kingsoft\WPS Office\12.1.0.27458\clitool
USERNAME=lt607
OS=Windows_NT
PROCESSOR_IDENTIFIER=Intel64 Family 6 Model 126 Stepping 5, GenuineIntel
TMP=C:\Users\lt607\AppData\Local\Temp
TEMP=C:\Users\lt607\AppData\Local\Temp




Periodic native trim disabled

---------------  S Y S T E M  ---------------

OS:
 Windows 11 , 64 bit Build 22621 (10.0.22621.5415)
OS uptime: 5 days 9:47 hours

CPU: total 4 (initial active 4) (2 cores per cpu, 2 threads per core) family 6 model 126 stepping 5 microcode 0xbc, cx8, cmov, fxsr, ht, mmx, 3dnowpref, sse, sse2, sse3, ssse3, sse4.1, sse4.2, popcnt, lzcnt, tsc, tscinvbit, avx, avx2, aes, erms, clmul, bmi1, bmi2, adx, avx512f, avx512dq, avx512cd, avx512bw, avx512vl, sha, fma, vzeroupper, avx512_vpopcntdq, avx512_vpclmulqdq, avx512_vaes, avx512_vnni, clflush, clflushopt, avx512_vbmi2, avx512_vbmi, rdtscp, rdpid, fsrm, gfni, avx512_bitalg, f16c, pku, avx512_ifma
Processor Information for the first 4 processors :
  Max Mhz: 1201, Current Mhz: 1201, Mhz Limit: 1201

Memory: 4k page, system-wide physical 3783M (101M free)
TotalPageFile size 15559M (AvailPageFile size 5M)
current process WorkingSet (physical memory assigned to process): 6M, peak: 281M
current process commit charge ("private bytes"): 389M, peak: 400M

vm_info: OpenJDK 64-Bit Server VM (21.0.11+10-LTS) for windows-amd64 JRE (21.0.11+10-LTS), built on 2026-04-21T00:00:00Z by "admin" with MS VC++ 17.12 (VS2022)

END.
